[www.roblox.com/catalog/1029025/The-Classic-ROBLOX-Fedora.html]
[backblue.gif]
[fade.gif]
[index.html]
[images.rbxcdn.com/1387da00c070fd34110985aee87f3155.ico.ico]
[ajax.aspnetcdn.com/ajax/jquery.migrate/jquery-migrate-1.2.1.min.js]
[ajax.aspnetcdn.com/ajax/jQuery/jquery-1.11.1.min.js]
[js.rbxcdn.com/5fe5266a5e8076e29a5f31b8147df205.js.gzip]
[www.google.com/recaptcha/apib091.js]
[www.roblox.com/games.html]
[www.roblox.com/index.html]
[www.roblox.com/catalog/index.html]
[www.roblox.com/create.html]
[www.roblox.com/upgrades/robux1e43.html]
[www.roblox.com/search/users4176.html]
[www.roblox.com/catalog/index04e0.html]
[www.roblox.com/games/indexf09d.html]
[www.roblox.com/search/groups4176.html]
[www.roblox.com/NewLoginb304.html]
[www.roblox.com/account/signupredir.html]
[www.roblox.com/user-sponsorship/1.html]
[t0.rbxcdn.com/fc44cff9167f10c10397cfa3a38645fd.png]
[www.roblox.com/users/1/profile/index.html]
[www.roblox.com/catalog/indexca00.html]
[www.roblox.com/premium/membership4c11.html]
[www.roblox.com/user-sponsorship/2.html]
[corp.roblox.com/careers/index.html]
[blog.roblox.com/index.html]
[corp.roblox.com/parents/index.html]
[en.help.roblox.com/hc/en-us.html]
[en.help.roblox.com/hc/en-us/articles/115004647846-Roblox-Terms-of-Use.html]
[en.help.roblox.com/hc/en-us/articles/115004630823-Roblox-Privacy-and-Cookie-Policy-.html]
[images.rbxcdn.com/6304dfebadecbb3b338a79a6a528936c.svg.svg]
[images.rbxcdn.com/4bed93c91f909002b1f17f05c0ce13d1.gif]
[images.rbxcdn.com/3da410727fa2670dcb4f31316643138a.svg.svg]
[en.help.roblox.com/hc/en-us/articles/204473560-How-to-Install-and-Play-Roblox-Using-Browser.html]
[www.roblox.com/premium/membership2fec.html]
[www.roblox.com/newlogin3a7e.html]
[www.roblox.com/index3a7e.html]
[www.roblox.com/Download.html]
[js.rbxcdn.com/e2cb6070c58f829226a04307a3f3e28a.js.gzip]
[js.rbxcdn.com/fd59fc474838379e9ffb601fe7d8caa3.js.gzip]
[js.rbxcdn.com/02c6dc86330696699bac1e274481e538.js.gzip]
[js.rbxcdn.com/cbd9a121217c4887264ffe32686ecd52.js.gzip]
[js.rbxcdn.com/b60343c532dee3e0d62538bebd5099ac.js.gzip]
[js.rbxcdn.com/6bc7e350e9f4be5db41648b22a854a71.js.gzip]
[b.scorecardresearch.com/p20abf.gif]
[www.roblox.com/catalog/1029025/The-Classic-ROBLOX-Fedora.html]
[static.rbxcdn.com/css/leanbase___964aab9c6c2c6efcdf14d6fdec787a24_m.css/fetch.css]
[static.rbxcdn.com/css/page___0df47b251aa20348fa003dd45aca757e_m.css/fetch.css]
[www.roblox.com/index.html]
[www.roblox.com/user-sponsorship/3.html]
[www.roblox.com/indexb93e.html]
[www.roblox.com/newloginb93e.html]
[js.rbxcdn.com/ef17f4360c213c27d693e08b01498ea8.js.gzip]
[www.roblox.com/games.html]
[www.roblox.com/newlogin7e75.html]
[www.roblox.com/index7e75.html]
[js.rbxcdn.com/5c5e9de1303d098a0ee8edfa96aacc94.js.gzip]
[js.rbxcdn.com/7897e783c607e1757ddd30a55faadbe9.js.gzip]
[www.roblox.com/catalog/index.html]
[images.rbxcdn.com/de31d8bdeed6a95036ee055b5dec3ff3.svg.svg]
[www.youtube.com/embed/ESONLLLwF8A2fa7.html]
[images.rbxcdn.com/119208a8e63aa298af8ea4e20e0836b1.svg.svg]
[www.roblox.com/newlogin646d.html]
[images.rbxcdn.com/073daf5170c485489b1c75e5ecee150f.png]
[images.rbxcdn.com/d05437d87e84efe4ee4d4c7fd97cf8d7.png]
[images.rbxcdn.com/b8510508e30c743ed7cbfabb06875ffa.png]
[images.rbxcdn.com/bafba2b41cb4d3bc13ccbf69866c9eee.png]
[images.rbxcdn.com/ea64498049dcf4c8997fc10caf17f683.png]
[images.rbxcdn.com/dc40ddc147b646ba86bda6e621d2dcda.png]
[images.rbxcdn.com/5110e4037adbbfc99e90d517732c6ae6.png]
[images.rbxcdn.com/15a1f715e59953c0d491dbf26d9f44ff.png]
[s3.amazonaws.com/setup.roblox.com/RobloxStudioLauncherBeta.exe]
[www.roblox.com/newlogin909c.html]
[www.roblox.com/index909c.html]
[js.rbxcdn.com/1ba27b6cb9c48a2f6492283b5eef465b.js.gzip]
[www.roblox.com/create.html]
[www.roblox.com/upgrades/robux.html]
[static.rbxcdn.com/Images/Upgrades/Robux/img_richman.png]
[www.roblox.com/NewLoginfa6a.html]
[www.roblox.com/premium/membershipe53e.html]
[www.roblox.com/NewLogineaaa.html]
[www.roblox.com/premium/membershipdc4e.html]
[www.roblox.com/NewLogin6f75.html]
[www.roblox.com/premium/membershipda9b.html]
[www.roblox.com/NewLogin5944.html]
[www.roblox.com/upgrades/robux1e43.html]
[www.roblox.com/catalog/index04e0.html]
[www.roblox.com/search/users4176.html]
[www.roblox.com/games/indexf09d.html]
[www.roblox.com/search/groups4176.html]
[www.roblox.com/NewLoginb304.html]
[www.roblox.com/account/signupredir.html]
[www.roblox.com/user-sponsorship/1.html]
[www.roblox.com/users/1/profile/index.html]
[www.roblox.com/catalog/indexca00.html]
[www.roblox.com/premium/membership4c11.html]
[www.roblox.com/user-sponsorship/2.html]
[corp.roblox.com/index.html]
[corp.roblox.com/careers/index.html]
[blog.roblox.com/index.html]
[corp.roblox.com/parents/index.html]
[en.help.roblox.com/hc/en-us.html]
[en.help.roblox.com/hc/en-us/articles/115004647846-Roblox-Terms-of-Use.html]
[en.help.roblox.com/hc/en-us/articles/115004630823-Roblox-Privacy-and-Cookie-Policy-.html]
[images.rbxcdn.com/6304dfebadecbb3b338a79a6a528936c.svg.svg]
